Archive member included to satisfy reference by file (symbol)

c:/program files (x86)/atmel/studio/7.0/toolchain/avr8/avr8-gnu-toolchain/bin/../lib/gcc/avr/5.4.0/avr4\libgcc.a(_divmodhi4.o)
                              Convert.o (__divmodhi4)
c:/program files (x86)/atmel/studio/7.0/toolchain/avr8/avr8-gnu-toolchain/bin/../lib/gcc/avr/5.4.0/avr4\libgcc.a(_exit.o)
                              C:/Program Files (x86)/Atmel/Studio/7.0/Packs/atmel/ATmega_DFP/1.0.98/gcc/dev/atmega88/avr4/crtatmega88.o (exit)
c:/program files (x86)/atmel/studio/7.0/toolchain/avr8/avr8-gnu-toolchain/bin/../lib/gcc/avr/5.4.0/avr4\libgcc.a(_clear_bss.o)
                              Analog.o (__do_clear_bss)
c:/program files (x86)/atmel/studio/7.0/toolchain/avr8/avr8-gnu-toolchain/bin/../lib/gcc/avr/5.4.0/avr4\libgcc.a(_umulhisi3.o)
                              NixieClock.o (__umulhisi3)
c:/program files (x86)/atmel/studio/7.0/toolchain/avr8/avr8-gnu-toolchain/bin/../lib/gcc/avr/5.4.0/avr4\libgcc.a(_udivmodhi4.o)
                              c:/program files (x86)/atmel/studio/7.0/toolchain/avr8/avr8-gnu-toolchain/bin/../lib/gcc/avr/5.4.0/avr4\libgcc.a(_divmodhi4.o) (__udivmodhi4)
c:/program files (x86)/atmel/studio/7.0/toolchain/avr8/avr8-gnu-toolchain/bin/../lib/gcc/avr/5.4.0/../../../../avr/lib/avr4\libc.a(memcmp.o)
                              NixieClock.o (memcmp)

Allocating common symbols
Common symbol       size              file

EEPROM              0x8               EEPROMlib.o
Debounce            0x3               NixieClock.o
Timers              0x9               timers.o
N_Clock             0x3a              NixieClock.o
DS1307              0x1e              DS1307.o
RTC                 0x1e              NixieClock.o
Analog              0x2d              Analog.o
N_Power             0x5               Nixie_Power.o
Timer_Flank         0x1               Analog.o
TWI                 0x56              I2C.o

Discarded input sections

 .data          0x00000000        0x0 C:/Program Files (x86)/Atmel/Studio/7.0/Packs/atmel/ATmega_DFP/1.0.98/gcc/dev/atmega88/avr4/crtatmega88.o
 .bss           0x00000000        0x0 C:/Program Files (x86)/Atmel/Studio/7.0/Packs/atmel/ATmega_DFP/1.0.98/gcc/dev/atmega88/avr4/crtatmega88.o
 .text          0x00000000        0x0 Analog.o
 .data          0x00000000        0x0 Analog.o
 .bss           0x00000000        0x0 Analog.o
 .text          0x00000000        0x0 Convert.o
 .data          0x00000000        0x0 Convert.o
 .bss           0x00000000        0x0 Convert.o
 .text.swapNibbles
                0x00000000        0x4 Convert.o
 .text          0x00000000        0x0 DS1307.o
 .data          0x00000000        0x0 DS1307.o
 .bss           0x00000000        0x0 DS1307.o
 .text.DS1307_Get_Time
                0x00000000       0x18 DS1307.o
 .text.DS1307_Get_Date
                0x00000000       0x18 DS1307.o
 .text.DS1307_Get_Settings
                0x00000000       0x10 DS1307.o
 .text.DS1307_Set_Time
                0x00000000       0x28 DS1307.o
 .text.DS1307_Set_Date
                0x00000000       0x34 DS1307.o
 .text.DS1307_Set_Settings
                0x00000000       0x40 DS1307.o
 .text.DS1307_Enable
                0x00000000       0x14 DS1307.o
 .text.DS1307_Disable
                0x00000000       0x16 DS1307.o
 .avr.prop      0x00000000       0x16 DS1307.o
 .text          0x00000000        0x0 EEPROMlib.o
 .data          0x00000000        0x0 EEPROMlib.o
 .bss           0x00000000        0x0 EEPROMlib.o
 .text          0x00000000        0x0 I2C.o
 .data          0x00000000        0x0 I2C.o
 .bss           0x00000000        0x0 I2C.o
 .text.I2C_Disable
                0x00000000        0x6 I2C.o
 .text.I2C_Write
                0x00000000        0xc I2C.o
 .text.I2C_Read_ACK
                0x00000000        0x8 I2C.o
 .text.I2C_Read_NACK
                0x00000000        0x8 I2C.o
 .text.I2C_Start
                0x00000000        0x8 I2C.o
 .text.I2C_Stop
                0x00000000        0x8 I2C.o
 .text.I2C_Status
                0x00000000        0x8 I2C.o
 .text.I2C_Recieve
                0x00000000       0x26 I2C.o
 .text.I2C_Ack_Error
                0x00000000       0x18 I2C.o
 .avr.prop      0x00000000       0x16 I2C.o
 .text          0x00000000        0x0 NixieClock.o
 .data          0x00000000        0x0 NixieClock.o
 .bss           0x00000000        0x0 NixieClock.o
 .avr.prop      0x00000000       0x1f NixieClock.o
 .text          0x00000000        0x0 Nixie_Power.o
 .data          0x00000000        0x0 Nixie_Power.o
 .bss           0x00000000        0x0 Nixie_Power.o
 .text          0x00000000        0x0 RTC.o
 .data          0x00000000        0x0 RTC.o
 .bss           0x00000000        0x0 RTC.o
 .text.RTC_Ready
                0x00000000       0x1a RTC.o
 .text.RTC_Set_Ext_Sync_Ready_Function
                0x00000000        0xa RTC.o
 .text.RTC_Set_Sync_Function
                0x00000000        0xa RTC.o
 .text.RTC_Get_Sync_Function
                0x00000000        0xa RTC.o
 .text.RTC_Set_IS_TWLF_Function
                0x00000000        0xa RTC.o
 .text.RTC_Get_IS_TWLF_Function
                0x00000000        0xa RTC.o
 .text.RTC_Set_IS_PM_Function
                0x00000000        0xa RTC.o
 .text.RTC_Get_IS_PM_Function
                0x00000000        0xa RTC.o
 .text          0x00000000        0x0 timers.o
 .data          0x00000000        0x0 timers.o
 .bss           0x00000000        0x0 timers.o
 .text          0x00000000        0x0 c:/program files (x86)/atmel/studio/7.0/toolchain/avr8/avr8-gnu-toolchain/bin/../lib/gcc/avr/5.4.0/avr4\libgcc.a(_divmodhi4.o)
 .data          0x00000000        0x0 c:/program files (x86)/atmel/studio/7.0/toolchain/avr8/avr8-gnu-toolchain/bin/../lib/gcc/avr/5.4.0/avr4\libgcc.a(_divmodhi4.o)
 .bss           0x00000000        0x0 c:/program files (x86)/atmel/studio/7.0/toolchain/avr8/avr8-gnu-toolchain/bin/../lib/gcc/avr/5.4.0/avr4\libgcc.a(_divmodhi4.o)
 .text.libgcc.mul
                0x00000000        0x0 c:/program files (x86)/atmel/studio/7.0/toolchain/avr8/avr8-gnu-toolchain/bin/../lib/gcc/avr/5.4.0/avr4\libgcc.a(_divmodhi4.o)
 .text.libgcc   0x00000000        0x0 c:/program files (x86)/atmel/studio/7.0/toolchain/avr8/avr8-gnu-toolchain/bin/../lib/gcc/avr/5.4.0/avr4\libgcc.a(_divmodhi4.o)
 .text.libgcc.prologue
                0x00000000        0x0 c:/program files (x86)/atmel/studio/7.0/toolchain/avr8/avr8-gnu-toolchain/bin/../lib/gcc/avr/5.4.0/avr4\libgcc.a(_divmodhi4.o)
 .text.libgcc.builtins
                0x00000000        0x0 c:/program files (x86)/atmel/studio/7.0/toolchain/avr8/avr8-gnu-toolchain/bin/../lib/gcc/avr/5.4.0/avr4\libgcc.a(_divmodhi4.o)
 .text.libgcc.fmul
                0x00000000        0x0 c:/program files (x86)/atmel/studio/7.0/toolchain/avr8/avr8-gnu-toolchain/bin/../lib/gcc/avr/5.4.0/avr4\libgcc.a(_divmodhi4.o)
 .text.libgcc.fixed
                0x00000000        0x0 c:/program files (x86)/atmel/studio/7.0/toolchain/avr8/avr8-gnu-toolchain/bin/../lib/gcc/avr/5.4.0/avr4\libgcc.a(_divmodhi4.o)
 .text          0x00000000        0x0 c:/program files (x86)/atmel/studio/7.0/toolchain/avr8/avr8-gnu-toolchain/bin/../lib/gcc/avr/5.4.0/avr4\libgcc.a(_exit.o)
 .data          0x00000000        0x0 c:/program files (x86)/atmel/studio/7.0/toolchain/avr8/avr8-gnu-toolchain/bin/../lib/gcc/avr/5.4.0/avr4\libgcc.a(_exit.o)
 .bss           0x00000000        0x0 c:/program files (x86)/atmel/studio/7.0/toolchain/avr8/avr8-gnu-toolchain/bin/../lib/gcc/avr/5.4.0/avr4\libgcc.a(_exit.o)
 .text.libgcc.mul
                0x00000000        0x0 c:/program files (x86)/atmel/studio/7.0/toolchain/avr8/avr8-gnu-toolchain/bin/../lib/gcc/avr/5.4.0/avr4\libgcc.a(_exit.o)
 .text.libgcc.div
                0x00000000        0x0 c:/program files (x86)/atmel/studio/7.0/toolchain/avr8/avr8-gnu-toolchain/bin/../lib/gcc/avr/5.4.0/avr4\libgcc.a(_exit.o)
 .text.libgcc   0x00000000        0x0 c:/program files (x86)/atmel/studio/7.0/toolchain/avr8/avr8-gnu-toolchain/bin/../lib/gcc/avr/5.4.0/avr4\libgcc.a(_exit.o)
 .text.libgcc.prologue
                0x00000000        0x0 c:/program files (x86)/atmel/studio/7.0/toolchain/avr8/avr8-gnu-toolchain/bin/../lib/gcc/avr/5.4.0/avr4\libgcc.a(_exit.o)
 .text.libgcc.builtins
                0x00000000        0x0 c:/program files (x86)/atmel/studio/7.0/toolchain/avr8/avr8-gnu-toolchain/bin/../lib/gcc/avr/5.4.0/avr4\libgcc.a(_exit.o)
 .text.libgcc.fmul
                0x00000000        0x0 c:/program files (x86)/atmel/studio/7.0/toolchain/avr8/avr8-gnu-toolchain/bin/../lib/gcc/avr/5.4.0/avr4\libgcc.a(_exit.o)
 .text.libgcc.fixed
                0x00000000        0x0 c:/program files (x86)/atmel/studio/7.0/toolchain/avr8/avr8-gnu-toolchain/bin/../lib/gcc/avr/5.4.0/avr4\libgcc.a(_exit.o)
 .text          0x00000000        0x0 c:/program files (x86)/atmel/studio/7.0/toolchain/avr8/avr8-gnu-toolchain/bin/../lib/gcc/avr/5.4.0/avr4\libgcc.a(_clear_bss.o)
 .data          0x00000000        0x0 c:/program files (x86)/atmel/studio/7.0/toolchain/avr8/avr8-gnu-toolchain/bin/../lib/gcc/avr/5.4.0/avr4\libgcc.a(_clear_bss.o)
 .bss           0x00000000        0x0 c:/program files (x86)/atmel/studio/7.0/toolchain/avr8/avr8-gnu-toolchain/bin/../lib/gcc/avr/5.4.0/avr4\libgcc.a(_clear_bss.o)
 .text.libgcc.mul
                0x00000000        0x0 c:/program files (x86)/atmel/studio/7.0/toolchain/avr8/avr8-gnu-toolchain/bin/../lib/gcc/avr/5.4.0/avr4\libgcc.a(_clear_bss.o)
 .text.libgcc.div
                0x00000000        0x0 c:/program files (x86)/atmel/studio/7.0/toolchain/avr8/avr8-gnu-toolchain/bin/../lib/gcc/avr/5.4.0/avr4\libgcc.a(_clear_bss.o)
 .text.libgcc   0x00000000        0x0 c:/program files (x86)/atmel/studio/7.0/toolchain/avr8/avr8-gnu-toolchain/bin/../lib/gcc/avr/5.4.0/avr4\libgcc.a(_clear_bss.o)
 .text.libgcc.prologue
                0x00000000        0x0 c:/program files (x86)/atmel/studio/7.0/toolchain/avr8/avr8-gnu-toolchain/bin/../lib/gcc/avr/5.4.0/avr4\libgcc.a(_clear_bss.o)
 .text.libgcc.builtins
                0x00000000        0x0 c:/program files (x86)/atmel/studio/7.0/toolchain/avr8/avr8-gnu-toolchain/bin/../lib/gcc/avr/5.4.0/avr4\libgcc.a(_clear_bss.o)
 .text.libgcc.fmul
                0x00000000        0x0 c:/program files (x86)/atmel/studio/7.0/toolchain/avr8/avr8-gnu-toolchain/bin/../lib/gcc/avr/5.4.0/avr4\libgcc.a(_clear_bss.o)
 .text.libgcc.fixed
                0x00000000        0x0 c:/program files (x86)/atmel/studio/7.0/toolchain/avr8/avr8-gnu-toolchain/bin/../lib/gcc/avr/5.4.0/avr4\libgcc.a(_clear_bss.o)
 .text          0x00000000        0x0 c:/program files (x86)/atmel/studio/7.0/toolchain/avr8/avr8-gnu-toolchain/bin/../lib/gcc/avr/5.4.0/avr4\libgcc.a(_umulhisi3.o)
 .data          0x00000000        0x0 c:/program files (x86)/atmel/studio/7.0/toolchain/avr8/avr8-gnu-toolchain/bin/../lib/gcc/avr/5.4.0/avr4\libgcc.a(_umulhisi3.o)
 .bss           0x00000000        0x0 c:/program files (x86)/atmel/studio/7.0/toolchain/avr8/avr8-gnu-toolchain/bin/../lib/gcc/avr/5.4.0/avr4\libgcc.a(_umulhisi3.o)
 .text.libgcc.div
                0x00000000        0x0 c:/program files (x86)/atmel/studio/7.0/toolchain/avr8/avr8-gnu-toolchain/bin/../lib/gcc/avr/5.4.0/avr4\libgcc.a(_umulhisi3.o)
 .text.libgcc   0x00000000        0x0 c:/program files (x86)/atmel/studio/7.0/toolchain/avr8/avr8-gnu-toolchain/bin/../lib/gcc/avr/5.4.0/avr4\libgcc.a(_umulhisi3.o)
 .text.libgcc.prologue
                0x00000000        0x0 c:/program files (x86)/atmel/studio/7.0/toolchain/avr8/avr8-gnu-toolchain/bin/../lib/gcc/avr/5.4.0/avr4\libgcc.a(_umulhisi3.o)
 .text.libgcc.builtins
                0x00000000        0x0 c:/program files (x86)/atmel/studio/7.0/toolchain/avr8/avr8-gnu-toolchain/bin/../lib/gcc/avr/5.4.0/avr4\libgcc.a(_umulhisi3.o)
 .text.libgcc.fmul
                0x00000000        0x0 c:/program files (x86)/atmel/studio/7.0/toolchain/avr8/avr8-gnu-toolchain/bin/../lib/gcc/avr/5.4.0/avr4\libgcc.a(_umulhisi3.o)
 .text.libgcc.fixed
                0x00000000        0x0 c:/program files (x86)/atmel/studio/7.0/toolchain/avr8/avr8-gnu-toolchain/bin/../lib/gcc/avr/5.4.0/avr4\libgcc.a(_umulhisi3.o)
 .text          0x00000000        0x0 c:/program files (x86)/atmel/studio/7.0/toolchain/avr8/avr8-gnu-toolchain/bin/../lib/gcc/avr/5.4.0/avr4\libgcc.a(_udivmodhi4.o)
 .data          0x00000000        0x0 c:/program files (x86)/atmel/studio/7.0/toolchain/avr8/avr8-gnu-toolchain/bin/../lib/gcc/avr/5.4.0/avr4\libgcc.a(_udivmodhi4.o)
 .bss           0x00000000        0x0 c:/program files (x86)/atmel/studio/7.0/toolchain/avr8/avr8-gnu-toolchain/bin/../lib/gcc/avr/5.4.0/avr4\libgcc.a(_udivmodhi4.o)
 .text.libgcc.mul
                0x00000000        0x0 c:/program files (x86)/atmel/studio/7.0/toolchain/avr8/avr8-gnu-toolchain/bin/../lib/gcc/avr/5.4.0/avr4\libgcc.a(_udivmodhi4.o)
 .text.libgcc   0x00000000        0x0 c:/program files (x86)/atmel/studio/7.0/toolchain/avr8/avr8-gnu-toolchain/bin/../lib/gcc/avr/5.4.0/avr4\libgcc.a(_udivmodhi4.o)
 .text.libgcc.prologue
                0x00000000        0x0 c:/program files (x86)/atmel/studio/7.0/toolchain/avr8/avr8-gnu-toolchain/bin/../lib/gcc/avr/5.4.0/avr4\libgcc.a(_udivmodhi4.o)
 .text.libgcc.builtins
                0x00000000        0x0 c:/program files (x86)/atmel/studio/7.0/toolchain/avr8/avr8-gnu-toolchain/bin/../lib/gcc/avr/5.4.0/avr4\libgcc.a(_udivmodhi4.o)
 .text.libgcc.fmul
                0x00000000        0x0 c:/program files (x86)/atmel/studio/7.0/toolchain/avr8/avr8-gnu-toolchain/bin/../lib/gcc/avr/5.4.0/avr4\libgcc.a(_udivmodhi4.o)
 .text.libgcc.fixed
                0x00000000        0x0 c:/program files (x86)/atmel/studio/7.0/toolchain/avr8/avr8-gnu-toolchain/bin/../lib/gcc/avr/5.4.0/avr4\libgcc.a(_udivmodhi4.o)
 .text          0x00000000        0x0 c:/program files (x86)/atmel/studio/7.0/toolchain/avr8/avr8-gnu-toolchain/bin/../lib/gcc/avr/5.4.0/../../../../avr/lib/avr4\libc.a(memcmp.o)
 .data          0x00000000        0x0 c:/program files (x86)/atmel/studio/7.0/toolchain/avr8/avr8-gnu-toolchain/bin/../lib/gcc/avr/5.4.0/../../../../avr/lib/avr4\libc.a(memcmp.o)
 .bss           0x00000000        0x0 c:/program files (x86)/atmel/studio/7.0/toolchain/avr8/avr8-gnu-toolchain/bin/../lib/gcc/avr/5.4.0/../../../../avr/lib/avr4\libc.a(memcmp.o)

Memory Configuration

Name             Origin             Length             Attributes
text             0x00000000         0x00002000         xr
data             0x00800060         0x0000ffa0         rw !x
eeprom           0x00810000         0x00010000         rw !x
fuse             0x00820000         0x00000400         rw !x
lock             0x00830000         0x00000400         rw !x
signature        0x00840000         0x00000400         rw !x
user_signatures  0x00850000         0x00000400         rw !x
*default*        0x00000000         0xffffffff

Linker script and memory map

Address of section .data set to 0x800100
LOAD C:/Program Files (x86)/Atmel/Studio/7.0/Packs/atmel/ATmega_DFP/1.0.98/gcc/dev/atmega88/avr4/crtatmega88.o
LOAD Analog.o
LOAD Convert.o
LOAD DS1307.o
LOAD EEPROMlib.o
LOAD I2C.o
LOAD NixieClock.o
LOAD Nixie_Power.o
LOAD RTC.o
LOAD timers.o
START GROUP
LOAD c:/program files (x86)/atmel/studio/7.0/toolchain/avr8/avr8-gnu-toolchain/bin/../lib/gcc/avr/5.4.0/../../../../avr/lib/avr4\libm.a
END GROUP
LOAD c:/program files (x86)/atmel/studio/7.0/toolchain/avr8/avr8-gnu-toolchain/bin/../lib/gcc/avr/5.4.0/avr4\libgcc.a
LOAD c:/program files (x86)/atmel/studio/7.0/toolchain/avr8/avr8-gnu-toolchain/bin/../lib/gcc/avr/5.4.0/../../../../avr/lib/avr4\libm.a
START GROUP
LOAD c:/program files (x86)/atmel/studio/7.0/toolchain/avr8/avr8-gnu-toolchain/bin/../lib/gcc/avr/5.4.0/avr4\libgcc.a
LOAD c:/program files (x86)/atmel/studio/7.0/toolchain/avr8/avr8-gnu-toolchain/bin/../lib/gcc/avr/5.4.0/../../../../avr/lib/avr4\libm.a
LOAD c:/program files (x86)/atmel/studio/7.0/toolchain/avr8/avr8-gnu-toolchain/bin/../lib/gcc/avr/5.4.0/../../../../avr/lib/avr4\libc.a
LOAD C:/Program Files (x86)/Atmel/Studio/7.0/Packs/atmel/ATmega_DFP/1.0.98/gcc/dev/atmega88/avr4\libatmega88.a
END GROUP
                0x00002000                __TEXT_REGION_LENGTH__ = DEFINED (__TEXT_REGION_LENGTH__)?__TEXT_REGION_LENGTH__:0x2000
                0x0000ffa0                __DATA_REGION_LENGTH__ = DEFINED (__DATA_REGION_LENGTH__)?__DATA_REGION_LENGTH__:0xffa0
                0x00010000                __EEPROM_REGION_LENGTH__ = DEFINED (__EEPROM_REGION_LENGTH__)?__EEPROM_REGION_LENGTH__:0x10000
                0x00000400                __FUSE_REGION_LENGTH__ = DEFINED (__FUSE_REGION_LENGTH__)?__FUSE_REGION_LENGTH__:0x400
                0x00000400                __LOCK_REGION_LENGTH__ = DEFINED (__LOCK_REGION_LENGTH__)?__LOCK_REGION_LENGTH__:0x400
                0x00000400                __SIGNATURE_REGION_LENGTH__ = DEFINED (__SIGNATURE_REGION_LENGTH__)?__SIGNATURE_REGION_LENGTH__:0x400
                0x00000400                __USER_SIGNATURE_REGION_LENGTH__ = DEFINED (__USER_SIGNATURE_REGION_LENGTH__)?__USER_SIGNATURE_REGION_LENGTH__:0x400

.hash
 *(.hash)

.dynsym
 *(.dynsym)

.dynstr
 *(.dynstr)

.gnu.version
 *(.gnu.version)

.gnu.version_d
 *(.gnu.version_d)

.gnu.version_r
 *(.gnu.version_r)

.rel.init
 *(.rel.init)

.rela.init
 *(.rela.init)

.rel.text
 *(.rel.text)
 *(.rel.text.*)
 *(.rel.gnu.linkonce.t*)

.rela.text
 *(.rela.text)
 *(.rela.text.*)
 *(.rela.gnu.linkonce.t*)

.rel.fini
 *(.rel.fini)

.rela.fini
 *(.rela.fini)

.rel.rodata
 *(.rel.rodata)
 *(.rel.rodata.*)
 *(.rel.gnu.linkonce.r*)

.rela.rodata
 *(.rela.rodata)
 *(.rela.rodata.*)
 *(.rela.gnu.linkonce.r*)

.rel.data
 *(.rel.data)
 *(.rel.data.*)
 *(.rel.gnu.linkonce.d*)

.rela.data
 *(.rela.data)
 *(.rela.data.*)
 *(.rela.gnu.linkonce.d*)

.rel.ctors
 *(.rel.ctors)

.rela.ctors
 *(.rela.ctors)

.rel.dtors
 *(.rel.dtors)

.rela.dtors
 *(.rela.dtors)

.rel.got
 *(.rel.got)

.rela.got
 *(.rela.got)

.rel.bss
 *(.rel.bss)

.rela.bss
 *(.rela.bss)

.rel.plt
 *(.rel.plt)

.rela.plt
 *(.rela.plt)

.text           0x00000000     0x237e
 *(.vectors)
 .vectors       0x00000000       0x34 C:/Program Files (x86)/Atmel/Studio/7.0/Packs/atmel/ATmega_DFP/1.0.98/gcc/dev/atmega88/avr4/crtatmega88.o
                0x00000000                __vector_default
                0x00000000                __vectors
 *(.vectors)
 *(.progmem.gcc*)
 .progmem.gcc_sw_table.DS1307_Loop
                0x00000034       0xc8 DS1307.o
 .progmem.gcc_sw_table.I2C_Loop
                0x000000fc       0xca I2C.o
 .progmem.gcc_sw_table.Nixie_Loop
                0x000001c6       0x6a NixieClock.o
                0x00000230                . = ALIGN (0x2)
                0x00000230                __trampolines_start = .
 *(.trampolines)
 .trampolines   0x00000230        0x0 linker stubs
 *(.trampolines*)
                0x00000230                __trampolines_end = .
 *libprintf_flt.a:*(.progmem.data)
 *libc.a:*(.progmem.data)
 *(.progmem*)
                0x00000230                . = ALIGN (0x2)
 *(.jumptables)
 *(.jumptables*)
 *(.lowtext)
 *(.lowtext*)
                0x00000230                __ctors_start = .
 *(.ctors)
                0x00000230                __ctors_end = .
                0x00000230                __dtors_start = .
 *(.dtors)
                0x00000230                __dtors_end = .
 SORT(*)(.ctors)
 SORT(*)(.dtors)
 *(.init0)
 .init0         0x00000230        0x0 C:/Program Files (x86)/Atmel/Studio/7.0/Packs/atmel/ATmega_DFP/1.0.98/gcc/dev/atmega88/avr4/crtatmega88.o
                0x00000230                __init
 *(.init0)
 *(.init1)
 *(.init1)
 *(.init2)
 .init2         0x00000230        0xc C:/Program Files (x86)/Atmel/Studio/7.0/Packs/atmel/ATmega_DFP/1.0.98/gcc/dev/atmega88/avr4/crtatmega88.o
 *(.init2)
 *(.init3)
 *(.init3)
 *(.init4)
 .init4         0x0000023c       0x10 c:/program files (x86)/atmel/studio/7.0/toolchain/avr8/avr8-gnu-toolchain/bin/../lib/gcc/avr/5.4.0/avr4\libgcc.a(_clear_bss.o)
                0x0000023c                __do_clear_bss
 *(.init4)
 *(.init5)
 *(.init5)
 *(.init6)
 *(.init6)
 *(.init7)
 *(.init7)
 *(.init8)
 *(.init8)
 *(.init9)
 .init9         0x0000024c        0x4 C:/Program Files (x86)/Atmel/Studio/7.0/Packs/atmel/ATmega_DFP/1.0.98/gcc/dev/atmega88/avr4/crtatmega88.o
 *(.init9)
 *(.text)
 .text          0x00000250        0x2 C:/Program Files (x86)/Atmel/Studio/7.0/Packs/atmel/ATmega_DFP/1.0.98/gcc/dev/atmega88/avr4/crtatmega88.o
                0x00000250                __vector_22
                0x00000250                __vector_1
                0x00000250                __vector_24
                0x00000250                __vector_12
                0x00000250                __bad_interrupt
                0x00000250                __vector_6
                0x00000250                __vector_3
                0x00000250                __vector_23
                0x00000250                __vector_25
                0x00000250                __vector_11
                0x00000250                __vector_13
                0x00000250                __vector_17
                0x00000250                __vector_19
                0x00000250                __vector_7
                0x00000250                __vector_5
                0x00000250                __vector_4
                0x00000250                __vector_9
                0x00000250                __vector_2
                0x00000250                __vector_21
                0x00000250                __vector_15
                0x00000250                __vector_8
                0x00000250                __vector_10
                0x00000250                __vector_16
                0x00000250                __vector_18
                0x00000250                __vector_20
                0x00000252                . = ALIGN (0x2)
 *(.text.*)
 .text.Analog_Init
                0x00000252       0x20 Analog.o
                0x00000252                Analog_Init
 .text.Analog_loop
                0x00000272      0x13e Analog.o
                0x00000272                Analog_loop
 .text.Analog_Channel_Init
                0x000003b0       0x1c Analog.o
                0x000003b0                Analog_Channel_Init
 .text.Analog_Channel_Read
                0x000003cc       0x4a Analog.o
                0x000003cc                Analog_Channel_Read
 .text.Analog_Channel_Ready
                0x00000416       0x12 Analog.o
                0x00000416                Analog_Channel_Ready
 .text.BCDToDecimal
                0x00000428       0x36 Convert.o
                0x00000428                BCDToDecimal
 .text.DecimalToBCD
                0x0000045e       0x3e Convert.o
                0x0000045e                DecimalToBCD
 .text.DS1307_Loop
                0x0000049c      0x63a DS1307.o
                0x0000049c                DS1307_Loop
 .text.DS1307_Init
                0x00000ad6       0x2a DS1307.o
                0x00000ad6                DS1307_Init
 .text.DS1307_Get_DateTime
                0x00000b00       0x18 DS1307.o
                0x00000b00                DS1307_Get_DateTime
 .text.DS1307_Get_TWLF
                0x00000b18        0x6 DS1307.o
                0x00000b18                DS1307_Get_TWLF
 .text.DS1307_Get_PM
                0x00000b1e        0x6 DS1307.o
                0x00000b1e                DS1307_Get_PM
 .text.DS1307_Set_DateTime
                0x00000b24       0x2c DS1307.o
                0x00000b24                DS1307_Set_DateTime
 .text.DS1307_Set_TWLF
                0x00000b50       0x4c DS1307.o
                0x00000b50                DS1307_Set_TWLF
 .text.DS1307_Set_PM
                0x00000b9c        0xc DS1307.o
                0x00000b9c                DS1307_Set_PM
 .text.EEPROM_Loop
                0x00000ba8       0xfe EEPROMlib.o
                0x00000ba8                EEPROM_Loop
 .text.EEPROM_Status
                0x00000ca6       0x16 EEPROMlib.o
                0x00000ca6                EEPROM_Status
 .text.EEPROM_Write
                0x00000cbc       0x18 EEPROMlib.o
                0x00000cbc                EEPROM_Write
 .text.EEPROM_Read
                0x00000cd4       0x14 EEPROMlib.o
                0x00000cd4                EEPROM_Read
 .text.I2C_Loop
                0x00000ce8      0x3bc I2C.o
                0x00000ce8                I2C_Loop
 .text.I2C_Init
                0x000010a4        0xe I2C.o
                0x000010a4                I2C_Init
 .text.I2C_Enable
                0x000010b2        0x8 I2C.o
                0x000010b2                I2C_Enable
 .text.I2C_ID_State
                0x000010ba       0x12 I2C.o
                0x000010ba                I2C_ID_State
 .text.I2C_ID_Ack_Error
                0x000010cc       0x12 I2C.o
                0x000010cc                I2C_ID_Ack_Error
 .text.I2C_Ready
                0x000010de       0x26 I2C.o
                0x000010de                I2C_Ready
 .text.I2C_Send_ST
                0x00001104       0x2e I2C.o
                0x00001104                I2C_Send_ST
 .text.I2C_Send_STr
                0x00001132       0x3e I2C.o
                0x00001132                I2C_Send_STr
 .text.I2C_Get_Ident
                0x00001170       0x5a I2C.o
                0x00001170                I2C_Get_Ident
 .text.I2C_Free_Ident
                0x000011ca       0x12 I2C.o
                0x000011ca                I2C_Free_Ident
 .text.Next_Nixie
                0x000011dc       0x7e NixieClock.o
                0x000011dc                Next_Nixie
 .text.Nixie_Update
                0x0000125a      0x282 NixieClock.o
                0x0000125a                Nixie_Update
 .text.Nixie_Loop
                0x000014dc      0x812 NixieClock.o
                0x000014dc                Nixie_Loop
 .text.Setting_Init
                0x00001cee       0x10 NixieClock.o
                0x00001cee                Setting_Init
 .text.Nixie_Init
                0x00001cfe       0x36 NixieClock.o
                0x00001cfe                Nixie_Init
 .text.Setting_Loop
                0x00001d34       0xe4 NixieClock.o
                0x00001d34                Setting_Loop
 .text.main     0x00001e18       0x26 NixieClock.o
                0x00001e18                main
 .text.Power_Init
                0x00001e3e       0x32 Nixie_Power.o
                0x00001e3e                Power_Init
 .text.Power_Loop
                0x00001e70       0x5c Nixie_Power.o
                0x00001e70                Power_Loop
 .text.RTC_Init
                0x00001ecc       0x42 RTC.o
                0x00001ecc                RTC_Init
 .text.RTC_not_leap
                0x00001f0e       0x36 RTC.o
                0x00001f0e                RTC_not_leap
 .text.RTC_Loop
                0x00001f44      0x24c RTC.o
                0x00001f44                RTC_Loop
 .text.RTC_Set_DateTime
                0x00002190       0xa6 RTC.o
                0x00002190                RTC_Set_DateTime
 .text.Timer_Init
                0x00002236       0x1a timers.o
                0x00002236                Timer_Init
 .text.Pulse_reset
                0x00002250        0xe timers.o
                0x00002250                Pulse_reset
 .text.Timer_loop
                0x0000225e       0x62 timers.o
                0x0000225e                Timer_loop
 .text.Timer_Pulse_1ms
                0x000022c0        0x6 timers.o
                0x000022c0                Timer_Pulse_1ms
 .text.Timer_Pulse_10ms
                0x000022c6        0x6 timers.o
                0x000022c6                Timer_Pulse_10ms
 .text.Timer_Pulse_100ms
                0x000022cc        0x6 timers.o
                0x000022cc                Timer_Pulse_100ms
 .text.Timer_Pulse_1s
                0x000022d2        0x6 timers.o
                0x000022d2                Timer_Pulse_1s
 .text.__vector_14
                0x000022d8       0x22 timers.o
                0x000022d8                __vector_14
 .text.libgcc.div
                0x000022fa       0x26 c:/program files (x86)/atmel/studio/7.0/toolchain/avr8/avr8-gnu-toolchain/bin/../lib/gcc/avr/5.4.0/avr4\libgcc.a(_divmodhi4.o)
                0x000022fa                _div
                0x000022fa                __divmodhi4
 .text.libgcc.mul
                0x00002320       0x18 c:/program files (x86)/atmel/studio/7.0/toolchain/avr8/avr8-gnu-toolchain/bin/../lib/gcc/avr/5.4.0/avr4\libgcc.a(_umulhisi3.o)
                0x00002320                __umulhisi3
 .text.libgcc.div
                0x00002338       0x28 c:/program files (x86)/atmel/studio/7.0/toolchain/avr8/avr8-gnu-toolchain/bin/../lib/gcc/avr/5.4.0/avr4\libgcc.a(_udivmodhi4.o)
                0x00002338                __udivmodhi4
 .text.avr-libc
                0x00002360       0x1a c:/program files (x86)/atmel/studio/7.0/toolchain/avr8/avr8-gnu-toolchain/bin/../lib/gcc/avr/5.4.0/../../../../avr/lib/avr4\libc.a(memcmp.o)
                0x00002360                memcmp
                0x0000237a                . = ALIGN (0x2)
 *(.fini9)
 .fini9         0x0000237a        0x0 c:/program files (x86)/atmel/studio/7.0/toolchain/avr8/avr8-gnu-toolchain/bin/../lib/gcc/avr/5.4.0/avr4\libgcc.a(_exit.o)
                0x0000237a                _exit
                0x0000237a                exit
 *(.fini9)
 *(.fini8)
 *(.fini8)
 *(.fini7)
 *(.fini7)
 *(.fini6)
 *(.fini6)
 *(.fini5)
 *(.fini5)
 *(.fini4)
 *(.fini4)
 *(.fini3)
 *(.fini3)
 *(.fini2)
 *(.fini2)
 *(.fini1)
 *(.fini1)
 *(.fini0)
 .fini0         0x0000237a        0x4 c:/program files (x86)/atmel/studio/7.0/toolchain/avr8/avr8-gnu-toolchain/bin/../lib/gcc/avr/5.4.0/avr4\libgcc.a(_exit.o)
 *(.fini0)
                0x0000237e                _etext = .

.data           0x00800100        0x0 load address 0x0000237e
                [!provide]                PROVIDE (__data_start, .)
 *(.data)
 *(.data*)
 *(.rodata)
 *(.rodata*)
 *(.gnu.linkonce.d*)
                0x00800100                . = ALIGN (0x2)
                0x00800100                _edata = .
                [!provide]                PROVIDE (__data_end, .)

.bss            0x00800100      0x113
                0x00800100                PROVIDE (__bss_start, .)
 *(.bss)
 *(.bss*)
 *(COMMON)
 COMMON         0x00800100       0x2e Analog.o
                0x00800100                Analog
                0x0080012d                Timer_Flank
 COMMON         0x0080012e       0x1e DS1307.o
                0x0080012e                DS1307
 COMMON         0x0080014c        0x8 EEPROMlib.o
                0x0080014c                EEPROM
 COMMON         0x00800154       0x56 I2C.o
                0x00800154                TWI
 COMMON         0x008001aa       0x5b NixieClock.o
                0x008001aa                Debounce
                0x008001ad                N_Clock
                0x008001e7                RTC
 COMMON         0x00800205        0x5 Nixie_Power.o
                0x00800205                N_Power
 COMMON         0x0080020a        0x9 timers.o
                0x0080020a                Timers
                0x00800213                PROVIDE (__bss_end, .)
                0x0000237e                __data_load_start = LOADADDR (.data)
                0x0000237e                __data_load_end = (__data_load_start + SIZEOF (.data))

.noinit         0x00800213        0x0
                [!provide]                PROVIDE (__noinit_start, .)
 *(.noinit*)
                [!provide]                PROVIDE (__noinit_end, .)
                0x00800213                _end = .
                [!provide]                PROVIDE (__heap_start, .)

.eeprom         0x00810000        0x0
 *(.eeprom*)
                0x00810000                __eeprom_end = .

.fuse
 *(.fuse)
 *(.lfuse)
 *(.hfuse)
 *(.efuse)

.lock
 *(.lock*)

.signature
 *(.signature*)

.user_signatures
 *(.user_signatures*)

.stab
 *(.stab)

.stabstr
 *(.stabstr)

.stab.excl
 *(.stab.excl)

.stab.exclstr
 *(.stab.exclstr)

.stab.index
 *(.stab.index)

.stab.indexstr
 *(.stab.indexstr)

.comment        0x00000000       0x30
 *(.comment)
 .comment       0x00000000       0x30 Analog.o
                                 0x31 (size before relaxing)
 .comment       0x00000030       0x31 Convert.o
 .comment       0x00000030       0x31 DS1307.o
 .comment       0x00000030       0x31 EEPROMlib.o
 .comment       0x00000030       0x31 I2C.o
 .comment       0x00000030       0x31 NixieClock.o
 .comment       0x00000030       0x31 Nixie_Power.o
 .comment       0x00000030       0x31 RTC.o
 .comment       0x00000030       0x31 timers.o

.note.gnu.avr.deviceinfo
                0x00000000       0x3c
 .note.gnu.avr.deviceinfo
                0x00000000       0x3c C:/Program Files (x86)/Atmel/Studio/7.0/Packs/atmel/ATmega_DFP/1.0.98/gcc/dev/atmega88/avr4/crtatmega88.o

.note.gnu.build-id
 *(.note.gnu.build-id)

.debug
 *(.debug)

.line
 *(.line)

.debug_srcinfo
 *(.debug_srcinfo)

.debug_sfnames
 *(.debug_sfnames)

.debug_aranges  0x00000000      0x338
 *(.debug_aranges)
 .debug_aranges
                0x00000000       0x40 Analog.o
 .debug_aranges
                0x00000040       0x30 Convert.o
 .debug_aranges
                0x00000070       0x98 DS1307.o
 .debug_aranges
                0x00000108       0x38 EEPROMlib.o
 .debug_aranges
                0x00000140       0xb0 I2C.o
 .debug_aranges
                0x000001f0       0x50 NixieClock.o
 .debug_aranges
                0x00000240       0x28 Nixie_Power.o
 .debug_aranges
                0x00000268       0x78 RTC.o
 .debug_aranges
                0x000002e0       0x58 timers.o

.debug_pubnames
 *(.debug_pubnames)

.debug_info     0x00000000     0x2ca8
 *(.debug_info .gnu.linkonce.wi.*)
 .debug_info    0x00000000      0x294 Analog.o
 .debug_info    0x00000294      0x135 Convert.o
 .debug_info    0x000003c9      0x8c7 DS1307.o
 .debug_info    0x00000c90      0x1b9 EEPROMlib.o
 .debug_info    0x00000e49      0x73d I2C.o
 .debug_info    0x00001586      0xd20 NixieClock.o
 .debug_info    0x000022a6      0x19d Nixie_Power.o
 .debug_info    0x00002443      0x680 RTC.o
 .debug_info    0x00002ac3      0x1e5 timers.o

.debug_abbrev   0x00000000      0xbfb
 *(.debug_abbrev)
 .debug_abbrev  0x00000000      0x141 Analog.o
 .debug_abbrev  0x00000141       0x9f Convert.o
 .debug_abbrev  0x000001e0      0x181 DS1307.o
 .debug_abbrev  0x00000361       0xd9 EEPROMlib.o
 .debug_abbrev  0x0000043a      0x24f I2C.o
 .debug_abbrev  0x00000689      0x1cd NixieClock.o
 .debug_abbrev  0x00000856       0xbd Nixie_Power.o
 .debug_abbrev  0x00000913      0x20c RTC.o
 .debug_abbrev  0x00000b1f       0xdc timers.o

.debug_line     0x00000000     0x2898
 *(.debug_line .debug_line.* .debug_line_end)
 .debug_line    0x00000000      0x254 Analog.o
 .debug_line    0x00000254      0x112 Convert.o
 .debug_line    0x00000366      0x7dc DS1307.o
 .debug_line    0x00000b42      0x1e1 EEPROMlib.o
 .debug_line    0x00000d23      0x607 I2C.o
 .debug_line    0x0000132a      0xd0d NixieClock.o
 .debug_line    0x00002037      0x15c Nixie_Power.o
 .debug_line    0x00002193      0x520 RTC.o
 .debug_line    0x000026b3      0x1e5 timers.o

.debug_frame    0x00000000      0x63c
 *(.debug_frame)
 .debug_frame   0x00000000       0x80 Analog.o
 .debug_frame   0x00000080       0x44 Convert.o
 .debug_frame   0x000000c4      0x13c DS1307.o
 .debug_frame   0x00000200       0x54 EEPROMlib.o
 .debug_frame   0x00000254      0x14c I2C.o
 .debug_frame   0x000003a0       0xd0 NixieClock.o
 .debug_frame   0x00000470       0x34 Nixie_Power.o
 .debug_frame   0x000004a4       0xf4 RTC.o
 .debug_frame   0x00000598       0xa4 timers.o

.debug_str      0x00000000      0xd03
 *(.debug_str)
 .debug_str     0x00000000      0x251 Analog.o
                                0x2ae (size before relaxing)
 .debug_str     0x00000251       0x43 Convert.o
                                0x1b1 (size before relaxing)
 .debug_str     0x00000294      0x257 DS1307.o
                                0x446 (size before relaxing)
 .debug_str     0x000004eb       0x65 EEPROMlib.o
                                0x20f (size before relaxing)
 .debug_str     0x00000550      0x194 I2C.o
                                0x3d5 (size before relaxing)
 .debug_str     0x000006e4      0x478 NixieClock.o
                                0x787 (size before relaxing)
 .debug_str     0x00000b5c       0x4a Nixie_Power.o
                                0x229 (size before relaxing)
 .debug_str     0x00000ba6      0x102 RTC.o
                                0x4cc (size before relaxing)
 .debug_str     0x00000ca8       0x5b timers.o
                                0x260 (size before relaxing)

.debug_loc      0x00000000      0xffe
 *(.debug_loc)
 .debug_loc     0x00000000      0x115 Analog.o
 .debug_loc     0x00000115       0xc1 Convert.o
 .debug_loc     0x000001d6      0x21e DS1307.o
 .debug_loc     0x000003f4       0x27 EEPROMlib.o
 .debug_loc     0x0000041b      0x301 I2C.o
 .debug_loc     0x0000071c      0x626 NixieClock.o
 .debug_loc     0x00000d42      0x280 RTC.o
 .debug_loc     0x00000fc2       0x3c timers.o

.debug_macinfo
 *(.debug_macinfo)

.debug_weaknames
 *(.debug_weaknames)

.debug_funcnames
 *(.debug_funcnames)

.debug_typenames
 *(.debug_typenames)

.debug_varnames
 *(.debug_varnames)

.debug_pubtypes
 *(.debug_pubtypes)

.debug_ranges   0x00000000      0x308
 *(.debug_ranges)
 .debug_ranges  0x00000000       0x30 Analog.o
 .debug_ranges  0x00000030       0x20 Convert.o
 .debug_ranges  0x00000050       0x88 DS1307.o
 .debug_ranges  0x000000d8       0x28 EEPROMlib.o
 .debug_ranges  0x00000100       0xa0 I2C.o
 .debug_ranges  0x000001a0       0x70 NixieClock.o
 .debug_ranges  0x00000210       0x18 Nixie_Power.o
 .debug_ranges  0x00000228       0x98 RTC.o
 .debug_ranges  0x000002c0       0x48 timers.o

.debug_macro
 *(.debug_macro)
OUTPUT(NixieClock.elf elf32-avr)
LOAD linker stubs
